{"event_time": "2025-10-02T21:34:53.888273", "where": "sanity", "level": "info", "message": "Starting spotify_sanity_check", "data": null}
{"event_time": "2025-10-02T21:34:54.141943", "where": "sanity", "level": "info", "message": "spotify_sanity_check result: ok=True, msg=ok", "data": null}
{"event_time": "2025-10-02T21:34:54.142094", "where": "sanity", "level": "info", "message": "Starting discogs_sanity_check", "data": null}
{"event_time": "2025-10-02T21:34:54.535209", "where": "sanity", "level": "info", "message": "discogs_sanity_check result: ok=True, msg=ok", "data": null}
{"event_time": "2025-10-02T21:34:54.558657", "where": "enrichment", "level": "info", "message": "Starting run_all()", "data": null}
{"event_time": "2025-10-02T21:35:18.190414", "where": "enrichment", "level": "error", "message": "Exception in background_enrich: 'MetadataEnricher' object has no attribute 'log_dao'", "data": null}
{"event_time": "2025-10-08T18:08:13.803737", "where": "sanity", "level": "info", "message": "Starting spotify_sanity_check", "data": null}
{"event_time": "2025-10-08T18:08:14.103900", "where": "sanity", "level": "info", "message": "spotify_sanity_check result: ok=True, msg=ok", "data": null}
{"event_time": "2025-10-08T18:08:14.104206", "where": "sanity", "level": "info", "message": "Starting discogs_sanity_check", "data": null}
{"event_time": "2025-10-08T18:08:14.409711", "where": "sanity", "level": "info", "message": "discogs_sanity_check result: ok=True, msg=ok", "data": null}
{"event_time": "2025-10-08T18:08:14.450061", "where": "enrichment", "level": "info", "message": "Starting run_all()", "data": null}
{"event_time": "2025-10-08T18:08:37.921942", "where": "spotify:shows", "level": "info", "message": "Fetched 3 shows", "data": null}
{"event_time": "2025-10-08T18:08:38.624331", "where": "spotify:audiobooks", "level": "info", "message": "Fetched 1 audiobooks", "data": null}
{"event_time": "2025-10-08T18:08:40.272008", "where": "spotify:shows", "level": "info", "message": "Fetched 2 shows", "data": null}
{"event_time": "2025-10-08T18:08:41.440552", "where": "spotify:audiobooks", "level": "info", "message": "Fetched 2 audiobooks", "data": null}
{"event_time": "2025-10-08T18:08:42.379524", "where": "spotify:tracks", "level": "info", "message": "Fetched 50 tracks", "data": null}
{"event_time": "2025-10-08T18:08:43.252999", "where": "spotify:albums", "level": "info", "message": "Fetched 20 albums", "data": null}
{"event_time": "2025-10-08T18:08:44.239117", "where": "spotify:albums", "level": "info", "message": "Fetched 20 albums", "data": null}
{"event_time": "2025-10-08T18:08:44.656356", "where": "spotify:albums", "level": "info", "message": "Fetched 8 albums", "data": null}
{"event_time": "2025-10-08T18:08:45.215717", "where": "spotify:tracks", "level": "info", "message": "Fetched 50 tracks", "data": null}
{"event_time": "2025-10-08T18:08:46.086645", "where": "spotify:albums", "level": "info", "message": "Fetched 20 albums", "data": null}
{"event_time": "2025-10-08T18:08:47.055025", "where": "spotify:albums", "level": "info", "message": "Fetched 20 albums", "data": null}
{"event_time": "2025-10-08T18:08:47.674187", "where": "spotify:albums", "level": "info", "message": "Fetched 10 albums", "data": null}
{"event_time": "2025-10-08T18:08:48.298576", "where": "spotify:tracks", "level": "info", "message": "Fetched 50 tracks", "data": null}
{"event_time": "2025-10-08T18:08:49.780877", "where": "spotify:albums", "level": "info", "message": "Fetched 20 albums", "data": null}
{"event_time": "2025-10-08T18:08:50.693940", "where": "spotify:albums", "level": "info", "message": "Fetched 20 albums", "data": null}
{"event_time": "2025-10-08T18:08:51.296101", "where": "spotify:albums", "level": "info", "message": "Fetched 10 albums", "data": null}
{"event_time": "2025-10-08T18:08:51.660846", "where": "spotify:tracks", "level": "info", "message": "Fetched 50 tracks", "data": null}
{"event_time": "2025-10-08T18:08:52.535748", "where": "spotify:albums", "level": "info", "message": "Fetched 20 albums", "data": null}
{"event_time": "2025-10-08T18:08:53.524286", "where": "spotify:albums", "level": "info", "message": "Fetched 20 albums", "data": null}
{"event_time": "2025-10-08T18:08:54.101087", "where": "spotify:albums", "level": "info", "message": "Fetched 9 albums", "data": null}
{"event_time": "2025-10-08T18:08:54.776679", "where": "spotify:tracks", "level": "info", "message": "Fetched 50 tracks", "data": null}
{"event_time": "2025-10-08T18:08:55.000116", "where": "spotify:tracks", "level": "info", "message": "Fetched 2 tracks", "data": null}
{"event_time": "2025-10-08T18:08:56.149886", "where": "spotify:albums", "level": "info", "message": "Fetched 20 albums", "data": null}
{"event_time": "2025-10-08T18:08:57.136370", "where": "spotify:albums", "level": "info", "message": "Fetched 20 albums", "data": null}
{"event_time": "2025-10-08T18:08:57.460161", "where": "spotify:albums", "level": "info", "message": "Fetched 3 albums", "data": null}
{"event_time": "2025-10-08T18:08:57.916764", "where": "spotify:tracks", "level": "info", "message": "Fetched 50 tracks", "data": null}
{"event_time": "2025-10-08T18:08:58.145673", "where": "spotify:tracks", "level": "info", "message": "Fetched 1 tracks", "data": null}
{"event_time": "2025-10-08T18:08:59.086824", "where": "spotify:albums", "level": "info", "message": "Fetched 20 albums", "data": null}
{"event_time": "2025-10-08T18:09:00.224609", "where": "spotify:albums", "level": "info", "message": "Fetched 20 albums", "data": null}
{"event_time": "2025-10-08T18:09:00.800660", "where": "spotify:albums", "level": "info", "message": "Fetched 7 albums", "data": null}
{"event_time": "2025-10-08T18:09:01.328120", "where": "spotify:tracks", "level": "info", "message": "Fetched 49 tracks", "data": null}
{"event_time": "2025-10-08T18:09:02.773184", "where": "spotify:albums", "level": "info", "message": "Fetched 20 albums", "data": null}
{"event_time": "2025-10-08T18:09:04.004646", "where": "spotify:albums", "level": "info", "message": "Fetched 20 albums", "data": null}
{"event_time": "2025-10-08T18:09:04.502860", "where": "spotify:albums", "level": "info", "message": "Fetched 8 albums", "data": null}
{"event_time": "2025-10-08T18:09:05.112980", "where": "spotify:tracks", "level": "info", "message": "Fetched 50 tracks", "data": null}
{"event_time": "2025-10-08T18:09:05.794262", "where": "spotify:albums", "level": "info", "message": "Fetched 20 albums", "data": null}
{"event_time": "2025-10-08T18:09:07.188435", "where": "spotify:albums", "level": "info", "message": "Fetched 20 albums", "data": null}
{"event_time": "2025-10-08T18:09:07.863300", "where": "spotify:albums", "level": "info", "message": "Fetched 10 albums", "data": null}
{"event_time": "2025-10-08T18:09:08.496354", "where": "spotify:tracks", "level": "info", "message": "Fetched 50 tracks", "data": null}
{"event_time": "2025-10-08T18:09:09.640753", "where": "spotify:albums", "level": "info", "message": "Fetched 20 albums", "data": null}
{"event_time": "2025-10-08T18:09:10.751740", "where": "spotify:albums", "level": "info", "message": "Fetched 20 albums", "data": null}
{"event_time": "2025-10-08T18:09:11.461356", "where": "spotify:albums", "level": "info", "message": "Fetched 10 albums", "data": null}
{"event_time": "2025-10-08T18:09:11.971203", "where": "spotify:tracks", "level": "info", "message": "Fetched 50 tracks", "data": null}
{"event_time": "2025-10-08T18:09:12.888419", "where": "spotify:albums", "level": "info", "message": "Fetched 20 albums", "data": null}
{"event_time": "2025-10-08T18:09:13.723342", "where": "spotify:albums", "level": "info", "message": "Fetched 20 albums", "data": null}
{"event_time": "2025-10-08T18:09:14.229453", "where": "spotify:albums", "level": "info", "message": "Fetched 8 albums", "data": null}
{"event_time": "2025-10-08T18:09:14.884638", "where": "spotify:tracks", "level": "info", "message": "Fetched 50 tracks", "data": null}
{"event_time": "2025-10-08T18:09:15.071595", "where": "spotify:tracks", "level": "info", "message": "Fetched 1 tracks", "data": null}
{"event_time": "2025-10-08T18:09:16.090824", "where": "spotify:albums", "level": "info", "message": "Fetched 20 albums", "data": null}
{"event_time": "2025-10-08T18:09:16.862315", "where": "spotify:albums", "level": "info", "message": "Fetched 20 albums", "data": null}
{"event_time": "2025-10-08T18:09:17.408501", "where": "spotify:albums", "level": "info", "message": "Fetched 8 albums", "data": null}
{"event_time": "2025-10-08T18:09:17.778603", "where": "spotify:tracks", "level": "info", "message": "Fetched 50 tracks", "data": null}
{"event_time": "2025-10-08T18:09:17.980915", "where": "spotify:tracks", "level": "info", "message": "Fetched 2 tracks", "data": null}
{"event_time": "2025-10-08T18:09:18.803694", "where": "spotify:albums", "level": "info", "message": "Fetched 20 albums", "data": null}
{"event_time": "2025-10-08T18:09:19.358141", "where": "spotify:albums", "level": "info", "message": "Fetched 11 albums", "data": null}
{"event_time": "2025-10-08T18:09:19.809546", "where": "spotify:tracks", "level": "info", "message": "Fetched 50 tracks", "data": null}
{"event_time": "2025-10-08T18:09:21.019381", "where": "spotify:albums", "level": "info", "message": "Fetched 20 albums", "data": null}
{"event_time": "2025-10-08T18:09:22.129887", "where": "spotify:albums", "level": "info", "message": "Fetched 20 albums", "data": null}
{"event_time": "2025-10-08T18:09:22.779730", "where": "spotify:albums", "level": "info", "message": "Fetched 9 albums", "data": null}
{"event_time": "2025-10-08T18:09:23.344464", "where": "spotify:tracks", "level": "info", "message": "Fetched 50 tracks", "data": null}
{"event_time": "2025-10-08T18:09:24.390344", "where": "spotify:albums", "level": "info", "message": "Fetched 20 albums", "data": null}
{"event_time": "2025-10-08T18:09:25.334426", "where": "spotify:albums", "level": "info", "message": "Fetched 20 albums", "data": null}
{"event_time": "2025-10-08T18:09:25.904590", "where": "spotify:albums", "level": "info", "message": "Fetched 9 albums", "data": null}
{"event_time": "2025-10-08T18:09:26.418650", "where": "spotify:tracks", "level": "info", "message": "Fetched 49 tracks", "data": null}
{"event_time": "2025-10-08T18:09:27.956396", "where": "spotify:albums", "level": "info", "message": "Fetched 20 albums", "data": null}
{"event_time": "2025-10-08T18:09:28.809097", "where": "spotify:albums", "level": "info", "message": "Fetched 20 albums", "data": null}
{"event_time": "2025-10-08T18:09:29.595914", "where": "spotify:albums", "level": "info", "message": "Fetched 9 albums", "data": null}
{"event_time": "2025-10-08T18:09:30.102093", "where": "spotify:tracks", "level": "info", "message": "Fetched 50 tracks", "data": null}
{"event_time": "2025-10-08T18:09:30.313552", "where": "spotify:tracks", "level": "info", "message": "Fetched 1 tracks", "data": null}
{"event_time": "2025-10-08T18:09:31.352621", "where": "spotify:albums", "level": "info", "message": "Fetched 20 albums", "data": null}
{"event_time": "2025-10-08T18:09:32.379602", "where": "spotify:albums", "level": "info", "message": "Fetched 20 albums", "data": null}
{"event_time": "2025-10-08T18:09:32.800925", "where": "spotify:albums", "level": "info", "message": "Fetched 10 albums", "data": null}
{"event_time": "2025-10-08T18:09:33.270636", "where": "spotify:tracks", "level": "info", "message": "Fetched 50 tracks", "data": null}
{"event_time": "2025-10-08T18:09:34.419359", "where": "spotify:albums", "level": "info", "message": "Fetched 20 albums", "data": null}
{"event_time": "2025-10-08T18:09:36.176499", "where": "spotify:albums", "level": "info", "message": "Fetched 20 albums", "data": null}
{"event_time": "2025-10-08T18:09:36.742078", "where": "spotify:albums", "level": "info", "message": "Fetched 8 albums", "data": null}
{"event_time": "2025-10-08T18:09:37.372852", "where": "spotify:tracks", "level": "info", "message": "Fetched 50 tracks", "data": null}
{"event_time": "2025-10-08T18:09:38.206111", "where": "spotify:albums", "level": "info", "message": "Fetched 20 albums", "data": null}
{"event_time": "2025-10-08T18:09:39.118269", "where": "spotify:albums", "level": "info", "message": "Fetched 20 albums", "data": null}
{"event_time": "2025-10-08T18:09:39.938145", "where": "spotify:albums", "level": "info", "message": "Fetched 10 albums", "data": null}
{"event_time": "2025-10-08T18:09:40.317792", "where": "spotify:tracks", "level": "info", "message": "Fetched 50 tracks", "data": null}
{"event_time": "2025-10-08T18:09:40.614623", "where": "spotify:tracks", "level": "info", "message": "Fetched 1 tracks", "data": null}
{"event_time": "2025-10-08T18:09:41.585019", "where": "spotify:albums", "level": "info", "message": "Fetched 20 albums", "data": null}
{"event_time": "2025-10-08T18:09:42.803428", "where": "spotify:albums", "level": "info", "message": "Fetched 20 albums", "data": null}
{"event_time": "2025-10-08T18:09:43.587821", "where": "spotify:albums", "level": "info", "message": "Fetched 7 albums", "data": null}
{"event_time": "2025-10-08T18:09:44.131996", "where": "spotify:tracks", "level": "info", "message": "Fetched 50 tracks", "data": null}
{"event_time": "2025-10-08T18:09:45.179120", "where": "spotify:albums", "level": "info", "message": "Fetched 20 albums", "data": null}
{"event_time": "2025-10-08T18:09:46.199178", "where": "spotify:albums", "level": "info", "message": "Fetched 20 albums", "data": null}
{"event_time": "2025-10-08T18:09:46.772375", "where": "spotify:albums", "level": "info", "message": "Fetched 9 albums", "data": null}
{"event_time": "2025-10-08T18:09:47.203389", "where": "spotify:tracks", "level": "info", "message": "Fetched 50 tracks", "data": null}
{"event_time": "2025-10-08T18:09:48.562138", "where": "spotify:albums", "level": "info", "message": "Fetched 20 albums", "data": null}
{"event_time": "2025-10-08T18:09:49.781169", "where": "spotify:albums", "level": "info", "message": "Fetched 20 albums", "data": null}
{"event_time": "2025-10-08T18:09:50.340856", "where": "spotify:albums", "level": "info", "message": "Fetched 9 albums", "data": null}
{"event_time": "2025-10-08T18:09:50.752619", "where": "spotify:tracks", "level": "info", "message": "Fetched 50 tracks", "data": null}
{"event_time": "2025-10-08T18:09:51.725521", "where": "spotify:albums", "level": "info", "message": "Fetched 20 albums", "data": null}
{"event_time": "2025-10-08T18:09:52.647817", "where": "spotify:albums", "level": "info", "message": "Fetched 20 albums", "data": null}
{"event_time": "2025-10-08T18:09:53.138111", "where": "spotify:albums", "level": "info", "message": "Fetched 7 albums", "data": null}
{"event_time": "2025-10-08T18:09:53.758664", "where": "spotify:tracks", "level": "info", "message": "Fetched 50 tracks", "data": null}
{"event_time": "2025-10-08T18:09:54.696573", "where": "spotify:albums", "level": "info", "message": "Fetched 20 albums", "data": null}
{"event_time": "2025-10-08T18:09:55.735019", "where": "spotify:albums", "level": "info", "message": "Fetched 20 albums", "data": null}
{"event_time": "2025-10-08T18:09:56.321199", "where": "spotify:albums", "level": "info", "message": "Fetched 8 albums", "data": null}
{"event_time": "2025-10-08T18:09:56.825559", "where": "spotify:tracks", "level": "info", "message": "Fetched 50 tracks", "data": null}
{"event_time": "2025-10-08T18:09:57.673165", "where": "spotify:albums", "level": "info", "message": "Fetched 20 albums", "data": null}
{"event_time": "2025-10-08T18:09:58.420601", "where": "spotify:albums", "level": "info", "message": "Fetched 20 albums", "data": null}
{"event_time": "2025-10-08T18:09:58.905360", "where": "spotify:albums", "level": "info", "message": "Fetched 6 albums", "data": null}
{"event_time": "2025-10-08T18:09:59.412072", "where": "spotify:tracks", "level": "info", "message": "Fetched 50 tracks", "data": null}
{"event_time": "2025-10-08T18:10:00.336707", "where": "spotify:albums", "level": "info", "message": "Fetched 20 albums", "data": null}
{"event_time": "2025-10-08T18:10:01.656521", "where": "spotify:albums", "level": "info", "message": "Fetched 20 albums", "data": null}
{"event_time": "2025-10-08T18:10:02.258784", "where": "spotify:albums", "level": "info", "message": "Fetched 9 albums", "data": null}
{"event_time": "2025-10-08T18:10:02.778105", "where": "spotify:tracks", "level": "info", "message": "Fetched 50 tracks", "data": null}
{"event_time": "2025-10-08T18:10:02.995133", "where": "spotify:tracks", "level": "info", "message": "Fetched 1 tracks", "data": null}
{"event_time": "2025-10-08T18:10:03.983483", "where": "spotify:albums", "level": "info", "message": "Fetched 20 albums", "data": null}
{"event_time": "2025-10-08T18:10:04.942281", "where": "spotify:albums", "level": "info", "message": "Fetched 20 albums", "data": null}
{"event_time": "2025-10-08T18:10:05.749841", "where": "spotify:albums", "level": "info", "message": "Fetched 10 albums", "data": null}
{"event_time": "2025-10-08T18:10:06.251609", "where": "spotify:tracks", "level": "info", "message": "Fetched 50 tracks", "data": null}
{"event_time": "2025-10-08T18:10:07.397402", "where": "spotify:albums", "level": "info", "message": "Fetched 20 albums", "data": null}
{"event_time": "2025-10-08T18:10:08.629597", "where": "spotify:albums", "level": "info", "message": "Fetched 20 albums", "data": null}
{"event_time": "2025-10-08T18:10:09.329683", "where": "spotify:albums", "level": "info", "message": "Fetched 8 albums", "data": null}
{"event_time": "2025-10-08T18:10:09.981940", "where": "spotify:tracks", "level": "info", "message": "Fetched 50 tracks", "data": null}
{"event_time": "2025-10-08T18:10:12.111221", "where": "spotify:albums", "level": "info", "message": "Fetched 20 albums", "data": null}
{"event_time": "2025-10-08T18:10:13.230067", "where": "spotify:albums", "level": "info", "message": "Fetched 20 albums", "data": null}
{"event_time": "2025-10-08T18:10:13.799331", "where": "spotify:albums", "level": "info", "message": "Fetched 9 albums", "data": null}
{"event_time": "2025-10-08T18:10:14.340395", "where": "spotify:tracks", "level": "info", "message": "Fetched 50 tracks", "data": null}
{"event_time": "2025-10-08T18:10:15.829347", "where": "spotify:albums", "level": "info", "message": "Fetched 20 albums", "data": null}
{"event_time": "2025-10-08T18:10:16.705452", "where": "spotify:albums", "level": "info", "message": "Fetched 20 albums", "data": null}
{"event_time": "2025-10-08T18:10:17.419291", "where": "spotify:albums", "level": "info", "message": "Fetched 9 albums", "data": null}
{"event_time": "2025-10-08T18:10:17.916197", "where": "spotify:tracks", "level": "info", "message": "Fetched 50 tracks", "data": null}
{"event_time": "2025-10-08T18:10:18.847648", "where": "spotify:albums", "level": "info", "message": "Fetched 20 albums", "data": null}
{"event_time": "2025-10-08T18:10:19.852940", "where": "spotify:albums", "level": "info", "message": "Fetched 20 albums", "data": null}
{"event_time": "2025-10-08T18:10:20.378362", "where": "spotify:albums", "level": "info", "message": "Fetched 10 albums", "data": null}
{"event_time": "2025-10-08T18:10:20.948688", "where": "spotify:tracks", "level": "info", "message": "Fetched 49 tracks", "data": null}
{"event_time": "2025-10-08T18:10:22.555998", "where": "spotify:albums", "level": "info", "message": "Fetched 20 albums", "data": null}
{"event_time": "2025-10-08T18:10:23.783247", "where": "spotify:albums", "level": "info", "message": "Fetched 20 albums", "data": null}
{"event_time": "2025-10-08T18:10:24.375518", "where": "spotify:albums", "level": "info", "message": "Fetched 10 albums", "data": null}
{"event_time": "2025-10-08T18:10:24.787482", "where": "spotify:tracks", "level": "info", "message": "Fetched 50 tracks", "data": null}
{"event_time": "2025-10-08T18:10:25.807307", "where": "spotify:albums", "level": "info", "message": "Fetched 20 albums", "data": null}
{"event_time": "2025-10-08T18:10:27.162550", "where": "spotify:albums", "level": "info", "message": "Fetched 20 albums", "data": null}
{"event_time": "2025-10-08T18:10:27.845303", "where": "spotify:albums", "level": "info", "message": "Fetched 9 albums", "data": null}
{"event_time": "2025-10-08T18:10:28.579286", "where": "spotify:tracks", "level": "info", "message": "Fetched 50 tracks", "data": null}
{"event_time": "2025-10-08T18:10:29.718504", "where": "spotify:albums", "level": "info", "message": "Fetched 20 albums", "data": null}
{"event_time": "2025-10-08T18:10:31.261440", "where": "spotify:albums", "level": "info", "message": "Fetched 20 albums", "data": null}
{"event_time": "2025-10-08T18:10:31.748793", "where": "spotify:albums", "level": "info", "message": "Fetched 10 albums", "data": null}
{"event_time": "2025-10-08T18:10:32.262382", "where": "spotify:tracks", "level": "info", "message": "Fetched 50 tracks", "data": null}
{"event_time": "2025-10-08T18:10:33.413187", "where": "spotify:albums", "level": "info", "message": "Fetched 20 albums", "data": null}
{"event_time": "2025-10-08T18:10:34.316762", "where": "spotify:albums", "level": "info", "message": "Fetched 20 albums", "data": null}
{"event_time": "2025-10-08T18:10:34.850022", "where": "spotify:albums", "level": "info", "message": "Fetched 10 albums", "data": null}
{"event_time": "2025-10-08T18:10:35.336672", "where": "spotify:tracks", "level": "info", "message": "Fetched 50 tracks", "data": null}
{"event_time": "2025-10-08T18:10:36.168560", "where": "spotify:albums", "level": "info", "message": "Fetched 20 albums", "data": null}
{"event_time": "2025-10-08T18:10:37.190327", "where": "spotify:albums", "level": "info", "message": "Fetched 20 albums", "data": null}
{"event_time": "2025-10-08T18:10:37.695628", "where": "spotify:albums", "level": "info", "message": "Fetched 7 albums", "data": null}
{"event_time": "2025-10-08T18:10:38.203923", "where": "spotify:tracks", "level": "info", "message": "Fetched 50 tracks", "data": null}
{"event_time": "2025-10-08T18:10:39.249913", "where": "spotify:albums", "level": "info", "message": "Fetched 20 albums", "data": null}
{"event_time": "2025-10-08T18:10:39.813724", "where": "spotify:albums", "level": "info", "message": "Fetched 20 albums", "data": null}
{"event_time": "2025-10-08T18:10:40.463688", "where": "spotify:albums", "level": "info", "message": "Fetched 7 albums", "data": null}
{"event_time": "2025-10-08T18:10:41.030898", "where": "spotify:tracks", "level": "info", "message": "Fetched 49 tracks", "data": null}
{"event_time": "2025-10-08T18:10:42.551045", "where": "spotify:albums", "level": "info", "message": "Fetched 20 albums", "data": null}
{"event_time": "2025-10-08T18:10:44.067327", "where": "spotify:albums", "level": "info", "message": "Fetched 20 albums", "data": null}
{"event_time": "2025-10-08T18:10:44.694557", "where": "spotify:albums", "level": "info", "message": "Fetched 7 albums", "data": null}
{"event_time": "2025-10-08T18:10:45.117551", "where": "spotify:tracks", "level": "info", "message": "Fetched 50 tracks", "data": null}
{"event_time": "2025-10-08T18:10:46.149137", "where": "spotify:albums", "level": "info", "message": "Fetched 20 albums", "data": null}
{"event_time": "2025-10-08T18:10:47.067865", "where": "spotify:albums", "level": "info", "message": "Fetched 20 albums", "data": null}
{"event_time": "2025-10-08T18:10:47.497144", "where": "spotify:albums", "level": "info", "message": "Fetched 9 albums", "data": null}
{"event_time": "2025-10-08T18:10:47.975914", "where": "spotify:tracks", "level": "info", "message": "Fetched 50 tracks", "data": null}
{"event_time": "2025-10-08T18:10:48.323052", "where": "spotify:tracks", "level": "info", "message": "Fetched 1 tracks", "data": null}
{"event_time": "2025-10-08T18:10:49.929216", "where": "spotify:albums", "level": "info", "message": "Fetched 20 albums", "data": null}
{"event_time": "2025-10-08T18:10:51.076663", "where": "spotify:albums", "level": "info", "message": "Fetched 20 albums", "data": null}
{"event_time": "2025-10-08T18:10:51.777838", "where": "spotify:albums", "level": "info", "message": "Fetched 10 albums", "data": null}
{"event_time": "2025-10-08T18:10:52.334639", "where": "spotify:tracks", "level": "info", "message": "Fetched 50 tracks", "data": null}
{"event_time": "2025-10-08T18:10:53.510806", "where": "spotify:albums", "level": "info", "message": "Fetched 20 albums", "data": null}
{"event_time": "2025-10-08T18:10:54.719385", "where": "spotify:albums", "level": "info", "message": "Fetched 20 albums", "data": null}
{"event_time": "2025-10-08T18:10:55.202378", "where": "spotify:albums", "level": "info", "message": "Fetched 8 albums", "data": null}
{"event_time": "2025-10-08T18:10:55.626089", "where": "spotify:tracks", "level": "info", "message": "Fetched 50 tracks", "data": null}
{"event_time": "2025-10-08T18:10:56.751390", "where": "spotify:albums", "level": "info", "message": "Fetched 20 albums", "data": null}
{"event_time": "2025-10-08T18:10:57.793087", "where": "spotify:albums", "level": "info", "message": "Fetched 20 albums", "data": null}
{"event_time": "2025-10-08T18:10:58.486968", "where": "spotify:albums", "level": "info", "message": "Fetched 10 albums", "data": null}
{"event_time": "2025-10-08T18:10:58.918371", "where": "spotify:tracks", "level": "info", "message": "Fetched 50 tracks", "data": null}
{"event_time": "2025-10-08T18:10:59.866888", "where": "spotify:albums", "level": "info", "message": "Fetched 20 albums", "data": null}
{"event_time": "2025-10-08T18:11:00.770730", "where": "spotify:albums", "level": "info", "message": "Fetched 20 albums", "data": null}
{"event_time": "2025-10-08T18:11:01.652672", "where": "spotify:albums", "level": "info", "message": "Fetched 10 albums", "data": null}
{"event_time": "2025-10-08T18:11:02.192779", "where": "spotify:tracks", "level": "info", "message": "Fetched 50 tracks", "data": null}
{"event_time": "2025-10-08T18:11:03.760674", "where": "spotify:albums", "level": "info", "message": "Fetched 20 albums", "data": null}
{"event_time": "2025-10-08T18:11:04.801993", "where": "spotify:albums", "level": "info", "message": "Fetched 20 albums", "data": null}
{"event_time": "2025-10-08T18:11:05.171559", "where": "spotify:albums", "level": "info", "message": "Fetched 8 albums", "data": null}
{"event_time": "2025-10-08T18:11:05.639337", "where": "spotify:tracks", "level": "info", "message": "Fetched 49 tracks", "data": null}
{"event_time": "2025-10-08T18:11:07.322562", "where": "spotify:albums", "level": "info", "message": "Fetched 20 albums", "data": null}
{"event_time": "2025-10-08T18:11:07.952872", "where": "spotify:albums", "level": "info", "message": "Fetched 20 albums", "data": null}
{"event_time": "2025-10-08T18:11:08.569496", "where": "spotify:albums", "level": "info", "message": "Fetched 9 albums", "data": null}
{"event_time": "2025-10-08T18:11:09.088922", "where": "spotify:tracks", "level": "info", "message": "Fetched 50 tracks", "data": null}
{"event_time": "2025-10-08T18:11:09.280226", "where": "spotify:tracks", "level": "info", "message": "Fetched 1 tracks", "data": null}
{"event_time": "2025-10-08T18:11:10.379149", "where": "spotify:albums", "level": "info", "message": "Fetched 20 albums", "data": null}
{"event_time": "2025-10-08T18:11:11.223072", "where": "spotify:albums", "level": "info", "message": "Fetched 20 albums", "data": null}
{"event_time": "2025-10-08T18:11:11.666694", "where": "spotify:albums", "level": "info", "message": "Fetched 8 albums", "data": null}
{"event_time": "2025-10-08T18:11:12.122195", "where": "spotify:tracks", "level": "info", "message": "Fetched 50 tracks", "data": null}
{"event_time": "2025-10-08T18:11:13.294756", "where": "spotify:albums", "level": "info", "message": "Fetched 20 albums", "data": null}
{"event_time": "2025-10-08T18:11:14.468428", "where": "spotify:albums", "level": "info", "message": "Fetched 20 albums", "data": null}
{"event_time": "2025-10-08T18:11:15.266166", "where": "spotify:albums", "level": "info", "message": "Fetched 9 albums", "data": null}
{"event_time": "2025-10-08T18:11:23.138855", "where": "spotify:tracks", "level": "info", "message": "Fetched 50 tracks", "data": null}
{"event_time": "2025-10-08T18:11:24.130594", "where": "spotify:albums", "level": "info", "message": "Fetched 20 albums", "data": null}
{"event_time": "2025-10-08T18:11:24.999312", "where": "spotify:albums", "level": "info", "message": "Fetched 20 albums", "data": null}
{"event_time": "2025-10-08T18:11:25.380728", "where": "spotify:albums", "level": "info", "message": "Fetched 8 albums", "data": null}
{"event_time": "2025-10-08T18:11:25.884826", "where": "spotify:tracks", "level": "info", "message": "Fetched 50 tracks", "data": null}
{"event_time": "2025-10-08T18:11:26.146164", "where": "spotify:tracks", "level": "info", "message": "Fetched 2 tracks", "data": null}
{"event_time": "2025-10-08T18:11:27.146353", "where": "spotify:albums", "level": "info", "message": "Fetched 20 albums", "data": null}
{"event_time": "2025-10-08T18:11:27.854987", "where": "spotify:albums", "level": "info", "message": "Fetched 20 albums", "data": null}
{"event_time": "2025-10-08T18:11:28.255429", "where": "spotify:albums", "level": "info", "message": "Fetched 9 albums", "data": null}
{"event_time": "2025-10-08T18:11:28.755615", "where": "spotify:tracks", "level": "info", "message": "Fetched 50 tracks", "data": null}
{"event_time": "2025-10-08T18:11:29.703086", "where": "spotify:albums", "level": "info", "message": "Fetched 20 albums", "data": null}
{"event_time": "2025-10-08T18:11:30.794393", "where": "spotify:albums", "level": "info", "message": "Fetched 20 albums", "data": null}
{"event_time": "2025-10-08T18:11:31.322262", "where": "spotify:albums", "level": "info", "message": "Fetched 6 albums", "data": null}
{"event_time": "2025-10-08T18:11:31.802469", "where": "spotify:tracks", "level": "info", "message": "Fetched 50 tracks", "data": null}
{"event_time": "2025-10-08T18:11:32.835328", "where": "spotify:albums", "level": "info", "message": "Fetched 20 albums", "data": null}
{"event_time": "2025-10-08T18:11:33.794364", "where": "spotify:albums", "level": "info", "message": "Fetched 20 albums", "data": null}
{"event_time": "2025-10-08T18:11:34.319628", "where": "spotify:albums", "level": "info", "message": "Fetched 6 albums", "data": null}
{"event_time": "2025-10-08T18:11:34.794905", "where": "spotify:tracks", "level": "info", "message": "Fetched 50 tracks", "data": null}
{"event_time": "2025-10-08T18:11:35.840303", "where": "spotify:albums", "level": "info", "message": "Fetched 20 albums", "data": null}
{"event_time": "2025-10-08T18:11:36.825264", "where": "spotify:albums", "level": "info", "message": "Fetched 20 albums", "data": null}
{"event_time": "2025-10-08T18:11:37.470317", "where": "spotify:albums", "level": "info", "message": "Fetched 9 albums", "data": null}
{"event_time": "2025-10-08T18:11:38.071953", "where": "spotify:tracks", "level": "info", "message": "Fetched 49 tracks", "data": null}
{"event_time": "2025-10-08T18:11:39.736299", "where": "spotify:albums", "level": "info", "message": "Fetched 20 albums", "data": null}
{"event_time": "2025-10-08T18:11:40.972452", "where": "spotify:albums", "level": "info", "message": "Fetched 20 albums", "data": null}
{"event_time": "2025-10-08T18:11:41.558079", "where": "spotify:albums", "level": "info", "message": "Fetched 9 albums", "data": null}
{"event_time": "2025-10-08T18:11:42.086779", "where": "spotify:tracks", "level": "info", "message": "Fetched 50 tracks", "data": null}
{"event_time": "2025-10-08T18:11:42.344462", "where": "spotify:tracks", "level": "info", "message": "Fetched 1 tracks", "data": null}
{"event_time": "2025-10-08T18:11:43.609300", "where": "spotify:albums", "level": "info", "message": "Fetched 20 albums", "data": null}
{"event_time": "2025-10-08T18:11:44.855334", "where": "spotify:albums", "level": "info", "message": "Fetched 20 albums", "data": null}
{"event_time": "2025-10-08T18:11:45.549765", "where": "spotify:albums", "level": "info", "message": "Fetched 7 albums", "data": null}
{"event_time": "2025-10-08T18:11:45.999805", "where": "spotify:tracks", "level": "info", "message": "Fetched 49 tracks", "data": null}
{"event_time": "2025-10-08T18:11:47.413931", "where": "spotify:albums", "level": "info", "message": "Fetched 20 albums", "data": null}
{"event_time": "2025-10-08T18:11:48.643098", "where": "spotify:albums", "level": "info", "message": "Fetched 20 albums", "data": null}
{"event_time": "2025-10-08T18:11:49.242263", "where": "spotify:albums", "level": "info", "message": "Fetched 7 albums", "data": null}
{"event_time": "2025-10-08T18:11:49.786314", "where": "spotify:tracks", "level": "info", "message": "Fetched 50 tracks", "data": null}
{"event_time": "2025-10-08T18:11:50.823757", "where": "spotify:albums", "level": "info", "message": "Fetched 20 albums", "data": null}
{"event_time": "2025-10-08T18:11:52.098956", "where": "spotify:albums", "level": "info", "message": "Fetched 20 albums", "data": null}
{"event_time": "2025-10-08T18:11:52.707291", "where": "spotify:albums", "level": "info", "message": "Fetched 9 albums", "data": null}
{"event_time": "2025-10-08T18:11:53.335016", "where": "spotify:tracks", "level": "info", "message": "Fetched 50 tracks", "data": null}
{"event_time": "2025-10-08T18:11:53.545297", "where": "spotify:tracks", "level": "info", "message": "Fetched 1 tracks", "data": null}
{"event_time": "2025-10-08T18:11:54.600366", "where": "spotify:albums", "level": "info", "message": "Fetched 20 albums", "data": null}
{"event_time": "2025-10-08T18:11:55.238901", "where": "spotify:albums", "level": "info", "message": "Fetched 20 albums", "data": null}
{"event_time": "2025-10-08T18:11:55.859014", "where": "spotify:albums", "level": "info", "message": "Fetched 10 albums", "data": null}
{"event_time": "2025-10-08T18:11:56.649371", "where": "spotify:tracks", "level": "info", "message": "Fetched 50 tracks", "data": null}
{"event_time": "2025-10-08T18:11:56.850517", "where": "spotify:tracks", "level": "info", "message": "Fetched 1 tracks", "data": null}
{"event_time": "2025-10-08T18:11:57.746171", "where": "spotify:albums", "level": "info", "message": "Fetched 20 albums", "data": null}
{"event_time": "2025-10-08T18:11:58.681309", "where": "spotify:albums", "level": "info", "message": "Fetched 20 albums", "data": null}
{"event_time": "2025-10-08T18:11:59.163408", "where": "spotify:albums", "level": "info", "message": "Fetched 8 albums", "data": null}
{"event_time": "2025-10-08T18:11:59.646747", "where": "spotify:tracks", "level": "info", "message": "Fetched 50 tracks", "data": null}
{"event_time": "2025-10-08T18:12:00.814273", "where": "spotify:albums", "level": "info", "message": "Fetched 20 albums", "data": null}
{"event_time": "2025-10-08T18:12:01.907642", "where": "spotify:albums", "level": "info", "message": "Fetched 20 albums", "data": null}
{"event_time": "2025-10-08T18:12:02.560021", "where": "spotify:albums", "level": "info", "message": "Fetched 9 albums", "data": null}
{"event_time": "2025-10-08T18:12:03.359660", "where": "spotify:tracks", "level": "info", "message": "Fetched 50 tracks", "data": null}
{"event_time": "2025-10-08T18:12:04.189802", "where": "spotify:albums", "level": "info", "message": "Fetched 20 albums", "data": null}
{"event_time": "2025-10-08T18:12:04.957373", "where": "spotify:albums", "level": "info", "message": "Fetched 20 albums", "data": null}
{"event_time": "2025-10-08T18:12:05.517924", "where": "spotify:albums", "level": "info", "message": "Fetched 10 albums", "data": null}
{"event_time": "2025-10-08T18:12:05.778492", "where": "spotify:tracks", "level": "info", "message": "Fetched 12 tracks", "data": null}
{"event_time": "2025-10-08T18:12:06.544927", "where": "spotify:albums", "level": "info", "message": "Fetched 12 albums", "data": null}
{"event_time": "2025-10-08T18:12:07.148408", "where": "spotify:tracks", "level": "info", "message": "Fetched 50 tracks", "data": null}
{"event_time": "2025-10-08T18:12:07.751834", "where": "spotify:tracks", "level": "info", "message": "Fetched 50 tracks", "data": null}
{"event_time": "2025-10-08T18:12:08.481795", "where": "spotify:tracks", "level": "info", "message": "Fetched 50 tracks", "data": null}
{"event_time": "2025-10-08T18:12:09.187450", "where": "spotify:tracks", "level": "info", "message": "Fetched 50 tracks", "data": null}
{"event_time": "2025-10-08T18:12:09.810276", "where": "spotify:tracks", "level": "info", "message": "Fetched 50 tracks", "data": null}
{"event_time": "2025-10-08T18:12:10.411149", "where": "spotify:tracks", "level": "info", "message": "Fetched 50 tracks", "data": null}
{"event_time": "2025-10-08T18:12:10.986170", "where": "spotify:tracks", "level": "info", "message": "Fetched 50 tracks", "data": null}
{"event_time": "2025-10-08T18:12:11.785108", "where": "spotify:tracks", "level": "info", "message": "Fetched 50 tracks", "data": null}
{"event_time": "2025-10-08T18:12:12.376208", "where": "spotify:tracks", "level": "info", "message": "Fetched 50 tracks", "data": null}
{"event_time": "2025-10-08T18:12:12.855008", "where": "spotify:tracks", "level": "info", "message": "Fetched 50 tracks", "data": null}
{"event_time": "2025-10-08T18:12:13.384378", "where": "spotify:tracks", "level": "info", "message": "Fetched 50 tracks", "data": null}
{"event_time": "2025-10-08T18:12:14.009936", "where": "spotify:tracks", "level": "info", "message": "Fetched 50 tracks", "data": null}
{"event_time": "2025-10-08T18:12:14.523664", "where": "spotify:tracks", "level": "info", "message": "Fetched 50 tracks", "data": null}
{"event_time": "2025-10-08T18:12:15.479956", "where": "spotify:tracks", "level": "info", "message": "Fetched 50 tracks", "data": null}
{"event_time": "2025-10-08T18:12:16.018553", "where": "spotify:tracks", "level": "info", "message": "Fetched 50 tracks", "data": null}
{"event_time": "2025-10-08T18:12:16.549856", "where": "spotify:tracks", "level": "info", "message": "Fetched 50 tracks", "data": null}
{"event_time": "2025-10-08T18:12:17.074662", "where": "spotify:tracks", "level": "info", "message": "Fetched 50 tracks", "data": null}
{"event_time": "2025-10-08T18:12:17.677797", "where": "spotify:tracks", "level": "info", "message": "Fetched 50 tracks", "data": null}
{"event_time": "2025-10-08T18:12:18.189204", "where": "spotify:tracks", "level": "info", "message": "Fetched 50 tracks", "data": null}
{"event_time": "2025-10-08T18:12:18.782258", "where": "spotify:tracks", "level": "info", "message": "Fetched 50 tracks", "data": null}
{"event_time": "2025-10-08T18:12:19.218982", "where": "spotify:tracks", "level": "info", "message": "Fetched 50 tracks", "data": null}
{"event_time": "2025-10-08T18:12:19.779680", "where": "spotify:tracks", "level": "info", "message": "Fetched 50 tracks", "data": null}
{"event_time": "2025-10-08T18:12:20.187170", "where": "spotify:tracks", "level": "info", "message": "Fetched 50 tracks", "data": null}
{"event_time": "2025-10-08T18:12:20.626026", "where": "spotify:tracks", "level": "info", "message": "Fetched 28 tracks", "data": null}
{"event_time": "2025-10-09T16:13:10.402444", "where": "sanity", "level": "info", "message": "Starting spotify_sanity_check", "data": null}
{"event_time": "2025-10-09T16:13:14.045822", "where": "sanity", "level": "info", "message": "spotify_sanity_check result: ok=True, msg=ok", "data": null}
{"event_time": "2025-10-09T16:13:14.046751", "where": "sanity", "level": "info", "message": "Starting discogs_sanity_check", "data": null}
{"event_time": "2025-10-09T16:13:14.445341", "where": "sanity", "level": "info", "message": "discogs_sanity_check result: ok=True, msg=ok", "data": null}
{"event_time": "2025-10-09T16:13:14.484043", "where": "enrichment", "level": "info", "message": "Starting run_all()", "data": null}
{"event_time": "2025-10-09T16:13:37.498803", "where": "spotify:shows", "level": "info", "message": "Fetched 3 shows", "data": null}
{"event_time": "2025-10-09T16:13:38.442403", "where": "spotify:audiobooks", "level": "info", "message": "Fetched 1 audiobooks", "data": null}
{"event_time": "2025-10-09T16:13:40.082995", "where": "spotify:shows", "level": "info", "message": "Fetched 2 shows", "data": null}
{"event_time": "2025-10-09T16:13:41.326402", "where": "spotify:audiobooks", "level": "info", "message": "Fetched 2 audiobooks", "data": null}
{"event_time": "2025-10-09T16:13:42.212920", "where": "spotify:tracks", "level": "info", "message": "Fetched 50 tracks", "data": null}
{"event_time": "2025-10-09T16:13:43.137246", "where": "spotify:albums", "level": "info", "message": "Fetched 20 albums", "data": null}
{"event_time": "2025-10-09T16:13:44.055674", "where": "spotify:albums", "level": "info", "message": "Fetched 20 albums", "data": null}
{"event_time": "2025-10-09T16:13:44.562555", "where": "spotify:albums", "level": "info", "message": "Fetched 8 albums", "data": null}
{"event_time": "2025-10-09T16:13:45.048788", "where": "spotify:tracks", "level": "info", "message": "Fetched 50 tracks", "data": null}
{"event_time": "2025-10-09T16:13:46.194377", "where": "spotify:albums", "level": "info", "message": "Fetched 20 albums", "data": null}
{"event_time": "2025-10-09T16:13:47.300145", "where": "spotify:albums", "level": "info", "message": "Fetched 20 albums", "data": null}
{"event_time": "2025-10-09T16:13:47.864337", "where": "spotify:albums", "level": "info", "message": "Fetched 10 albums", "data": null}
{"event_time": "2025-10-09T16:13:48.420571", "where": "spotify:tracks", "level": "info", "message": "Fetched 50 tracks", "data": null}
{"event_time": "2025-10-09T16:13:49.493468", "where": "spotify:albums", "level": "info", "message": "Fetched 20 albums", "data": null}
{"event_time": "2025-10-09T16:13:50.404406", "where": "spotify:albums", "level": "info", "message": "Fetched 20 albums", "data": null}
{"event_time": "2025-10-09T16:13:51.123272", "where": "spotify:albums", "level": "info", "message": "Fetched 10 albums", "data": null}
{"event_time": "2025-10-09T16:13:51.623394", "where": "spotify:tracks", "level": "info", "message": "Fetched 50 tracks", "data": null}
{"event_time": "2025-10-09T16:13:52.765204", "where": "spotify:albums", "level": "info", "message": "Fetched 20 albums", "data": null}
{"event_time": "2025-10-09T16:13:54.280270", "where": "spotify:albums", "level": "info", "message": "Fetched 20 albums", "data": null}
{"event_time": "2025-10-09T16:13:54.979795", "where": "spotify:albums", "level": "info", "message": "Fetched 9 albums", "data": null}
{"event_time": "2025-10-09T16:13:55.486031", "where": "spotify:tracks", "level": "info", "message": "Fetched 50 tracks", "data": null}
{"event_time": "2025-10-09T16:13:55.707810", "where": "spotify:tracks", "level": "info", "message": "Fetched 2 tracks", "data": null}
{"event_time": "2025-10-09T16:13:56.829758", "where": "spotify:albums", "level": "info", "message": "Fetched 20 albums", "data": null}
{"event_time": "2025-10-09T16:13:58.169667", "where": "spotify:albums", "level": "info", "message": "Fetched 20 albums", "data": null}
{"event_time": "2025-10-09T16:13:58.526367", "where": "spotify:albums", "level": "info", "message": "Fetched 3 albums", "data": null}
{"event_time": "2025-10-09T16:13:58.966424", "where": "spotify:tracks", "level": "info", "message": "Fetched 50 tracks", "data": null}
{"event_time": "2025-10-09T16:13:59.170123", "where": "spotify:tracks", "level": "info", "message": "Fetched 1 tracks", "data": null}
{"event_time": "2025-10-09T16:13:59.899746", "where": "spotify:albums", "level": "info", "message": "Fetched 20 albums", "data": null}
{"event_time": "2025-10-09T16:14:00.931605", "where": "spotify:albums", "level": "info", "message": "Fetched 20 albums", "data": null}
{"event_time": "2025-10-09T16:14:01.484795", "where": "spotify:albums", "level": "info", "message": "Fetched 7 albums", "data": null}
{"event_time": "2025-10-09T16:14:01.918942", "where": "spotify:tracks", "level": "info", "message": "Fetched 49 tracks", "data": null}
{"event_time": "2025-10-09T16:14:03.187696", "where": "spotify:albums", "level": "info", "message": "Fetched 20 albums", "data": null}
{"event_time": "2025-10-09T16:14:04.217647", "where": "spotify:albums", "level": "info", "message": "Fetched 20 albums", "data": null}
{"event_time": "2025-10-09T16:14:05.003317", "where": "spotify:albums", "level": "info", "message": "Fetched 8 albums", "data": null}
{"event_time": "2025-10-09T16:14:05.626600", "where": "spotify:tracks", "level": "info", "message": "Fetched 50 tracks", "data": null}
{"event_time": "2025-10-09T16:14:06.257883", "where": "spotify:albums", "level": "info", "message": "Fetched 20 albums", "data": null}
{"event_time": "2025-10-09T16:14:07.659706", "where": "spotify:albums", "level": "info", "message": "Fetched 20 albums", "data": null}
{"event_time": "2025-10-09T16:14:08.343629", "where": "spotify:albums", "level": "info", "message": "Fetched 10 albums", "data": null}
{"event_time": "2025-10-09T16:14:08.918750", "where": "spotify:tracks", "level": "info", "message": "Fetched 50 tracks", "data": null}
{"event_time": "2025-10-09T16:14:10.535381", "where": "spotify:albums", "level": "info", "message": "Fetched 20 albums", "data": null}
{"event_time": "2025-10-09T16:14:11.848650", "where": "spotify:albums", "level": "info", "message": "Fetched 20 albums", "data": null}
{"event_time": "2025-10-09T16:14:12.753400", "where": "spotify:albums", "level": "info", "message": "Fetched 10 albums", "data": null}
{"event_time": "2025-10-09T16:14:13.331374", "where": "spotify:tracks", "level": "info", "message": "Fetched 50 tracks", "data": null}
{"event_time": "2025-10-09T16:14:14.481385", "where": "spotify:albums", "level": "info", "message": "Fetched 20 albums", "data": null}
{"event_time": "2025-10-09T16:14:15.826064", "where": "spotify:albums", "level": "info", "message": "Fetched 20 albums", "data": null}
{"event_time": "2025-10-09T16:14:16.380054", "where": "spotify:albums", "level": "info", "message": "Fetched 8 albums", "data": null}
{"event_time": "2025-10-09T16:14:16.974268", "where": "spotify:tracks", "level": "info", "message": "Fetched 50 tracks", "data": null}
{"event_time": "2025-10-09T16:14:17.279356", "where": "spotify:tracks", "level": "info", "message": "Fetched 1 tracks", "data": null}
{"event_time": "2025-10-09T16:14:18.531228", "where": "spotify:albums", "level": "info", "message": "Fetched 20 albums", "data": null}
{"event_time": "2025-10-09T16:14:19.492095", "where": "spotify:albums", "level": "info", "message": "Fetched 20 albums", "data": null}
{"event_time": "2025-10-09T16:14:20.173320", "where": "spotify:albums", "level": "info", "message": "Fetched 8 albums", "data": null}
{"event_time": "2025-10-09T16:14:20.816810", "where": "spotify:tracks", "level": "info", "message": "Fetched 50 tracks", "data": null}
{"event_time": "2025-10-09T16:14:21.090238", "where": "spotify:tracks", "level": "info", "message": "Fetched 2 tracks", "data": null}
{"event_time": "2025-10-09T16:14:22.399792", "where": "spotify:albums", "level": "info", "message": "Fetched 20 albums", "data": null}
{"event_time": "2025-10-09T16:14:23.095380", "where": "spotify:albums", "level": "info", "message": "Fetched 11 albums", "data": null}
{"event_time": "2025-10-09T16:14:23.764258", "where": "spotify:tracks", "level": "info", "message": "Fetched 50 tracks", "data": null}
{"event_time": "2025-10-09T16:14:25.295385", "where": "spotify:albums", "level": "info", "message": "Fetched 20 albums", "data": null}
{"event_time": "2025-10-09T16:14:26.461240", "where": "spotify:albums", "level": "info", "message": "Fetched 20 albums", "data": null}
{"event_time": "2025-10-09T16:14:27.085485", "where": "spotify:albums", "level": "info", "message": "Fetched 9 albums", "data": null}
{"event_time": "2025-10-09T16:14:27.819177", "where": "spotify:tracks", "level": "info", "message": "Fetched 50 tracks", "data": null}
{"event_time": "2025-10-09T16:14:28.927259", "where": "spotify:albums", "level": "info", "message": "Fetched 20 albums", "data": null}
{"event_time": "2025-10-09T16:14:29.853901", "where": "spotify:albums", "level": "info", "message": "Fetched 20 albums", "data": null}
{"event_time": "2025-10-09T16:14:30.432765", "where": "spotify:albums", "level": "info", "message": "Fetched 9 albums", "data": null}
{"event_time": "2025-10-09T16:14:31.634309", "where": "spotify:tracks", "level": "info", "message": "Fetched 49 tracks", "data": null}
{"event_time": "2025-10-09T16:14:33.466110", "where": "spotify:albums", "level": "info", "message": "Fetched 20 albums", "data": null}
{"event_time": "2025-10-09T16:14:34.529227", "where": "spotify:albums", "level": "info", "message": "Fetched 20 albums", "data": null}
{"event_time": "2025-10-09T16:14:35.818942", "where": "spotify:albums", "level": "info", "message": "Fetched 9 albums", "data": null}
{"event_time": "2025-10-09T16:14:36.620113", "where": "spotify:tracks", "level": "info", "message": "Fetched 50 tracks", "data": null}
{"event_time": "2025-10-09T16:14:36.882999", "where": "spotify:tracks", "level": "info", "message": "Fetched 1 tracks", "data": null}
{"event_time": "2025-10-09T16:14:38.654155", "where": "spotify:albums", "level": "info", "message": "Fetched 20 albums", "data": null}
{"event_time": "2025-10-09T16:14:40.963887", "where": "spotify:albums", "level": "info", "message": "Fetched 20 albums", "data": null}
{"event_time": "2025-10-09T16:14:41.782443", "where": "spotify:albums", "level": "info", "message": "Fetched 10 albums", "data": null}
{"event_time": "2025-10-09T16:14:43.458254", "where": "spotify:tracks", "level": "info", "message": "Fetched 50 tracks", "data": null}
{"event_time": "2025-10-09T16:14:47.093612", "where": "spotify:albums", "level": "info", "message": "Fetched 20 albums", "data": null}
{"event_time": "2025-10-09T16:14:51.245182", "where": "spotify:albums", "level": "info", "message": "Fetched 20 albums", "data": null}
{"event_time": "2025-10-09T16:14:53.060730", "where": "spotify:albums", "level": "info", "message": "Fetched 8 albums", "data": null}
{"event_time": "2025-10-09T16:14:53.617997", "where": "spotify:tracks", "level": "info", "message": "Fetched 50 tracks", "data": null}
{"event_time": "2025-10-09T16:14:54.486435", "where": "spotify:albums", "level": "info", "message": "Fetched 20 albums", "data": null}
{"event_time": "2025-10-09T16:14:55.751721", "where": "spotify:albums", "level": "info", "message": "Fetched 20 albums", "data": null}
{"event_time": "2025-10-09T16:14:56.967374", "where": "spotify:albums", "level": "info", "message": "Fetched 10 albums", "data": null}
{"event_time": "2025-10-09T16:14:57.624497", "where": "spotify:tracks", "level": "info", "message": "Fetched 50 tracks", "data": null}
{"event_time": "2025-10-09T16:14:57.845931", "where": "spotify:tracks", "level": "info", "message": "Fetched 1 tracks", "data": null}
{"event_time": "2025-10-09T16:14:58.932525", "where": "spotify:albums", "level": "info", "message": "Fetched 20 albums", "data": null}
{"event_time": "2025-10-09T16:15:00.495115", "where": "spotify:albums", "level": "info", "message": "Fetched 20 albums", "data": null}
{"event_time": "2025-10-09T16:15:01.280678", "where": "spotify:albums", "level": "info", "message": "Fetched 7 albums", "data": null}
{"event_time": "2025-10-09T16:15:01.904826", "where": "spotify:tracks", "level": "info", "message": "Fetched 50 tracks", "data": null}
{"event_time": "2025-10-09T16:15:02.826818", "where": "spotify:albums", "level": "info", "message": "Fetched 20 albums", "data": null}
{"event_time": "2025-10-09T16:15:04.381303", "where": "spotify:albums", "level": "info", "message": "Fetched 20 albums", "data": null}
{"event_time": "2025-10-09T16:15:05.100286", "where": "spotify:albums", "level": "info", "message": "Fetched 9 albums", "data": null}
{"event_time": "2025-10-09T16:15:05.605655", "where": "spotify:tracks", "level": "info", "message": "Fetched 50 tracks", "data": null}
{"event_time": "2025-10-09T16:15:07.140509", "where": "spotify:albums", "level": "info", "message": "Fetched 20 albums", "data": null}
{"event_time": "2025-10-09T16:15:08.579217", "where": "spotify:albums", "level": "info", "message": "Fetched 20 albums", "data": null}
{"event_time": "2025-10-09T16:15:09.174614", "where": "spotify:albums", "level": "info", "message": "Fetched 9 albums", "data": null}
{"event_time": "2025-10-09T16:15:09.554281", "where": "spotify:tracks", "level": "info", "message": "Fetched 50 tracks", "data": null}
{"event_time": "2025-10-09T16:15:10.729308", "where": "spotify:albums", "level": "info", "message": "Fetched 20 albums", "data": null}
{"event_time": "2025-10-09T16:15:11.783923", "where": "spotify:albums", "level": "info", "message": "Fetched 20 albums", "data": null}
{"event_time": "2025-10-09T16:15:12.439715", "where": "spotify:albums", "level": "info", "message": "Fetched 7 albums", "data": null}
{"event_time": "2025-10-09T16:15:12.958079", "where": "spotify:tracks", "level": "info", "message": "Fetched 50 tracks", "data": null}
{"event_time": "2025-10-09T16:15:13.766820", "where": "spotify:albums", "level": "info", "message": "Fetched 20 albums", "data": null}
{"event_time": "2025-10-09T16:15:14.838595", "where": "spotify:albums", "level": "info", "message": "Fetched 20 albums", "data": null}
{"event_time": "2025-10-09T16:15:15.513516", "where": "spotify:albums", "level": "info", "message": "Fetched 8 albums", "data": null}
{"event_time": "2025-10-09T16:15:15.927785", "where": "spotify:tracks", "level": "info", "message": "Fetched 50 tracks", "data": null}
{"event_time": "2025-10-09T16:15:16.792682", "where": "spotify:albums", "level": "info", "message": "Fetched 20 albums", "data": null}
{"event_time": "2025-10-09T16:15:17.691287", "where": "spotify:albums", "level": "info", "message": "Fetched 20 albums", "data": null}
{"event_time": "2025-10-09T16:15:18.296505", "where": "spotify:albums", "level": "info", "message": "Fetched 6 albums", "data": null}
{"event_time": "2025-10-09T16:15:18.864883", "where": "spotify:tracks", "level": "info", "message": "Fetched 50 tracks", "data": null}
{"event_time": "2025-10-09T16:15:20.007784", "where": "spotify:albums", "level": "info", "message": "Fetched 20 albums", "data": null}
{"event_time": "2025-10-09T16:15:20.991396", "where": "spotify:albums", "level": "info", "message": "Fetched 20 albums", "data": null}
{"event_time": "2025-10-09T16:15:21.623117", "where": "spotify:albums", "level": "info", "message": "Fetched 9 albums", "data": null}
{"event_time": "2025-10-09T16:15:22.316450", "where": "spotify:tracks", "level": "info", "message": "Fetched 50 tracks", "data": null}
{"event_time": "2025-10-09T16:15:22.601593", "where": "spotify:tracks", "level": "info", "message": "Fetched 1 tracks", "data": null}
{"event_time": "2025-10-09T16:15:23.670137", "where": "spotify:albums", "level": "info", "message": "Fetched 20 albums", "data": null}
{"event_time": "2025-10-09T16:15:24.768597", "where": "spotify:albums", "level": "info", "message": "Fetched 20 albums", "data": null}
{"event_time": "2025-10-09T16:15:25.602651", "where": "spotify:albums", "level": "info", "message": "Fetched 10 albums", "data": null}
{"event_time": "2025-10-09T16:15:26.310061", "where": "spotify:tracks", "level": "info", "message": "Fetched 50 tracks", "data": null}
{"event_time": "2025-10-09T16:15:27.448916", "where": "spotify:albums", "level": "info", "message": "Fetched 20 albums", "data": null}
{"event_time": "2025-10-09T16:15:28.560339", "where": "spotify:albums", "level": "info", "message": "Fetched 20 albums", "data": null}
{"event_time": "2025-10-09T16:15:29.234932", "where": "spotify:albums", "level": "info", "message": "Fetched 8 albums", "data": null}
{"event_time": "2025-10-09T16:15:29.588164", "where": "spotify:tracks", "level": "info", "message": "Fetched 50 tracks", "data": null}
{"event_time": "2025-10-09T16:15:30.676482", "where": "spotify:albums", "level": "info", "message": "Fetched 20 albums", "data": null}
{"event_time": "2025-10-09T16:15:31.681532", "where": "spotify:albums", "level": "info", "message": "Fetched 20 albums", "data": null}
{"event_time": "2025-10-09T16:15:32.837176", "where": "spotify:albums", "level": "info", "message": "Fetched 9 albums", "data": null}
{"event_time": "2025-10-09T16:15:33.282490", "where": "spotify:tracks", "level": "info", "message": "Fetched 50 tracks", "data": null}
{"event_time": "2025-10-09T16:15:34.918926", "where": "spotify:albums", "level": "info", "message": "Fetched 20 albums", "data": null}
{"event_time": "2025-10-09T16:15:35.779105", "where": "spotify:albums", "level": "info", "message": "Fetched 20 albums", "data": null}
{"event_time": "2025-10-09T16:15:36.511407", "where": "spotify:albums", "level": "info", "message": "Fetched 9 albums", "data": null}
{"event_time": "2025-10-09T16:15:37.065018", "where": "spotify:tracks", "level": "info", "message": "Fetched 50 tracks", "data": null}
{"event_time": "2025-10-09T16:15:38.052842", "where": "spotify:albums", "level": "info", "message": "Fetched 20 albums", "data": null}
{"event_time": "2025-10-09T16:15:39.193459", "where": "spotify:albums", "level": "info", "message": "Fetched 20 albums", "data": null}
{"event_time": "2025-10-09T16:15:39.718444", "where": "spotify:albums", "level": "info", "message": "Fetched 10 albums", "data": null}
{"event_time": "2025-10-09T16:15:40.389819", "where": "spotify:tracks", "level": "info", "message": "Fetched 49 tracks", "data": null}
{"event_time": "2025-10-09T16:15:42.067081", "where": "spotify:albums", "level": "info", "message": "Fetched 20 albums", "data": null}
{"event_time": "2025-10-09T16:15:43.088537", "where": "spotify:albums", "level": "info", "message": "Fetched 20 albums", "data": null}
{"event_time": "2025-10-09T16:15:43.655502", "where": "spotify:albums", "level": "info", "message": "Fetched 10 albums", "data": null}
{"event_time": "2025-10-09T16:15:44.264284", "where": "spotify:tracks", "level": "info", "message": "Fetched 50 tracks", "data": null}
{"event_time": "2025-10-09T16:15:45.356043", "where": "spotify:albums", "level": "info", "message": "Fetched 20 albums", "data": null}
{"event_time": "2025-10-09T16:15:46.550452", "where": "spotify:albums", "level": "info", "message": "Fetched 20 albums", "data": null}
{"event_time": "2025-10-09T16:15:47.166557", "where": "spotify:albums", "level": "info", "message": "Fetched 9 albums", "data": null}
{"event_time": "2025-10-09T16:15:47.621499", "where": "spotify:tracks", "level": "info", "message": "Fetched 50 tracks", "data": null}
{"event_time": "2025-10-09T16:15:48.832916", "where": "spotify:albums", "level": "info", "message": "Fetched 20 albums", "data": null}
{"event_time": "2025-10-09T16:15:49.763582", "where": "spotify:albums", "level": "info", "message": "Fetched 20 albums", "data": null}
{"event_time": "2025-10-09T16:15:50.514801", "where": "spotify:albums", "level": "info", "message": "Fetched 10 albums", "data": null}
{"event_time": "2025-10-09T16:15:51.066143", "where": "spotify:tracks", "level": "info", "message": "Fetched 50 tracks", "data": null}
{"event_time": "2025-10-09T16:15:52.239581", "where": "spotify:albums", "level": "info", "message": "Fetched 20 albums", "data": null}
{"event_time": "2025-10-09T16:15:53.212249", "where": "spotify:albums", "level": "info", "message": "Fetched 20 albums", "data": null}
{"event_time": "2025-10-09T16:15:53.668007", "where": "spotify:albums", "level": "info", "message": "Fetched 10 albums", "data": null}
{"event_time": "2025-10-09T16:15:54.291197", "where": "spotify:tracks", "level": "info", "message": "Fetched 50 tracks", "data": null}
{"event_time": "2025-10-09T16:15:55.223981", "where": "spotify:albums", "level": "info", "message": "Fetched 20 albums", "data": null}
{"event_time": "2025-10-09T16:15:56.445947", "where": "spotify:albums", "level": "info", "message": "Fetched 20 albums", "data": null}
{"event_time": "2025-10-09T16:15:57.091512", "where": "spotify:albums", "level": "info", "message": "Fetched 7 albums", "data": null}
{"event_time": "2025-10-09T16:15:57.624880", "where": "spotify:tracks", "level": "info", "message": "Fetched 50 tracks", "data": null}
{"event_time": "2025-10-09T16:15:58.430810", "where": "spotify:albums", "level": "info", "message": "Fetched 20 albums", "data": null}
{"event_time": "2025-10-09T16:15:58.925435", "where": "spotify:albums", "level": "info", "message": "Fetched 20 albums", "data": null}
{"event_time": "2025-10-09T16:15:59.520420", "where": "spotify:albums", "level": "info", "message": "Fetched 7 albums", "data": null}
{"event_time": "2025-10-09T16:16:00.130485", "where": "spotify:tracks", "level": "info", "message": "Fetched 49 tracks", "data": null}
{"event_time": "2025-10-09T16:16:01.814439", "where": "spotify:albums", "level": "info", "message": "Fetched 20 albums", "data": null}
{"event_time": "2025-10-09T16:16:03.143099", "where": "spotify:albums", "level": "info", "message": "Fetched 20 albums", "data": null}
{"event_time": "2025-10-09T16:16:03.739842", "where": "spotify:albums", "level": "info", "message": "Fetched 7 albums", "data": null}
{"event_time": "2025-10-09T16:16:04.428566", "where": "spotify:tracks", "level": "info", "message": "Fetched 50 tracks", "data": null}
{"event_time": "2025-10-09T16:16:05.629126", "where": "spotify:albums", "level": "info", "message": "Fetched 20 albums", "data": null}
{"event_time": "2025-10-09T16:16:06.459056", "where": "spotify:albums", "level": "info", "message": "Fetched 20 albums", "data": null}
{"event_time": "2025-10-09T16:16:07.033036", "where": "spotify:albums", "level": "info", "message": "Fetched 9 albums", "data": null}
{"event_time": "2025-10-09T16:16:07.629421", "where": "spotify:tracks", "level": "info", "message": "Fetched 50 tracks", "data": null}
{"event_time": "2025-10-09T16:16:07.840440", "where": "spotify:tracks", "level": "info", "message": "Fetched 1 tracks", "data": null}
{"event_time": "2025-10-09T16:16:08.862939", "where": "spotify:albums", "level": "info", "message": "Fetched 20 albums", "data": null}
{"event_time": "2025-10-09T16:16:10.290940", "where": "spotify:albums", "level": "info", "message": "Fetched 20 albums", "data": null}
{"event_time": "2025-10-09T16:16:10.813667", "where": "spotify:albums", "level": "info", "message": "Fetched 10 albums", "data": null}
{"event_time": "2025-10-09T16:16:11.212625", "where": "spotify:tracks", "level": "info", "message": "Fetched 50 tracks", "data": null}
{"event_time": "2025-10-09T16:16:12.337248", "where": "spotify:albums", "level": "info", "message": "Fetched 20 albums", "data": null}
{"event_time": "2025-10-09T16:16:13.365829", "where": "spotify:albums", "level": "info", "message": "Fetched 20 albums", "data": null}
{"event_time": "2025-10-09T16:16:14.045201", "where": "spotify:albums", "level": "info", "message": "Fetched 8 albums", "data": null}
{"event_time": "2025-10-09T16:16:14.549371", "where": "spotify:tracks", "level": "info", "message": "Fetched 50 tracks", "data": null}
{"event_time": "2025-10-09T16:16:15.510002", "where": "spotify:albums", "level": "info", "message": "Fetched 20 albums", "data": null}
{"event_time": "2025-10-09T16:16:16.531730", "where": "spotify:albums", "level": "info", "message": "Fetched 20 albums", "data": null}
{"event_time": "2025-10-09T16:16:17.181249", "where": "spotify:albums", "level": "info", "message": "Fetched 10 albums", "data": null}
{"event_time": "2025-10-09T16:16:17.662793", "where": "spotify:tracks", "level": "info", "message": "Fetched 50 tracks", "data": null}
{"event_time": "2025-10-09T16:16:18.723975", "where": "spotify:albums", "level": "info", "message": "Fetched 20 albums", "data": null}
{"event_time": "2025-10-09T16:16:19.623389", "where": "spotify:albums", "level": "info", "message": "Fetched 20 albums", "data": null}
{"event_time": "2025-10-09T16:16:20.536984", "where": "spotify:albums", "level": "info", "message": "Fetched 10 albums", "data": null}
{"event_time": "2025-10-09T16:16:21.209301", "where": "spotify:tracks", "level": "info", "message": "Fetched 50 tracks", "data": null}
{"event_time": "2025-10-09T16:16:23.866662", "where": "spotify:albums", "level": "info", "message": "Fetched 20 albums", "data": null}
{"event_time": "2025-10-09T16:16:28.468240", "where": "spotify:albums", "level": "info", "message": "Fetched 20 albums", "data": null}
{"event_time": "2025-10-09T16:16:30.616921", "where": "spotify:albums", "level": "info", "message": "Fetched 8 albums", "data": null}
{"event_time": "2025-10-09T16:16:34.612781", "where": "spotify:tracks", "level": "info", "message": "Fetched 49 tracks", "data": null}
{"event_time": "2025-10-09T16:16:48.247435", "where": "spotify:albums", "level": "info", "message": "Fetched 20 albums", "data": null}
{"event_time": "2025-10-09T16:16:53.141319", "where": "spotify:albums", "level": "info", "message": "Fetched 20 albums", "data": null}
{"event_time": "2025-10-09T16:16:57.177064", "where": "spotify:albums", "level": "info", "message": "Fetched 9 albums", "data": null}
{"event_time": "2025-10-09T16:17:01.337088", "where": "spotify:tracks", "level": "info", "message": "Fetched 50 tracks", "data": null}
{"event_time": "2025-10-09T16:17:07.583394", "where": "spotify:tracks", "level": "info", "message": "Fetched 1 tracks", "data": null}
{"event_time": "2025-10-09T16:17:21.141221", "where": "spotify:albums", "level": "info", "message": "Fetched 20 albums", "data": null}
{"event_time": "2025-10-09T16:17:23.169594", "where": "spotify:albums", "level": "info", "message": "Fetched 20 albums", "data": null}
{"event_time": "2025-10-09T16:17:23.641541", "where": "spotify:albums", "level": "info", "message": "Fetched 8 albums", "data": null}
{"event_time": "2025-10-09T16:17:24.253594", "where": "spotify:tracks", "level": "info", "message": "Fetched 50 tracks", "data": null}
{"event_time": "2025-10-09T16:17:25.557653", "where": "spotify:albums", "level": "info", "message": "Fetched 20 albums", "data": null}
{"event_time": "2025-10-09T16:17:26.780791", "where": "spotify:albums", "level": "info", "message": "Fetched 20 albums", "data": null}
{"event_time": "2025-10-09T16:17:27.532428", "where": "spotify:albums", "level": "info", "message": "Fetched 9 albums", "data": null}
{"event_time": "2025-10-09T16:17:35.621424", "where": "spotify:tracks", "level": "info", "message": "Fetched 50 tracks", "data": null}
{"event_time": "2025-10-09T16:17:36.470745", "where": "spotify:albums", "level": "info", "message": "Fetched 20 albums", "data": null}
{"event_time": "2025-10-09T16:17:37.396784", "where": "spotify:albums", "level": "info", "message": "Fetched 20 albums", "data": null}
{"event_time": "2025-10-09T16:17:38.071118", "where": "spotify:albums", "level": "info", "message": "Fetched 8 albums", "data": null}
{"event_time": "2025-10-09T16:17:38.658725", "where": "spotify:tracks", "level": "info", "message": "Fetched 50 tracks", "data": null}
{"event_time": "2025-10-09T16:17:38.946553", "where": "spotify:tracks", "level": "info", "message": "Fetched 2 tracks", "data": null}
{"event_time": "2025-10-09T16:17:39.933376", "where": "spotify:albums", "level": "info", "message": "Fetched 20 albums", "data": null}
{"event_time": "2025-10-09T16:17:40.845136", "where": "spotify:albums", "level": "info", "message": "Fetched 20 albums", "data": null}
{"event_time": "2025-10-09T16:17:41.620329", "where": "spotify:albums", "level": "info", "message": "Fetched 9 albums", "data": null}
{"event_time": "2025-10-09T16:17:42.146979", "where": "spotify:tracks", "level": "info", "message": "Fetched 50 tracks", "data": null}
{"event_time": "2025-10-09T16:17:43.640368", "where": "spotify:albums", "level": "info", "message": "Fetched 20 albums", "data": null}
{"event_time": "2025-10-09T16:17:45.575243", "where": "spotify:albums", "level": "info", "message": "Fetched 20 albums", "data": null}
{"event_time": "2025-10-09T16:17:46.002411", "where": "spotify:albums", "level": "info", "message": "Fetched 6 albums", "data": null}
{"event_time": "2025-10-09T16:17:46.451447", "where": "spotify:tracks", "level": "info", "message": "Fetched 50 tracks", "data": null}
{"event_time": "2025-10-09T16:17:47.724616", "where": "spotify:albums", "level": "info", "message": "Fetched 20 albums", "data": null}
{"event_time": "2025-10-09T16:17:48.739038", "where": "spotify:albums", "level": "info", "message": "Fetched 20 albums", "data": null}
{"event_time": "2025-10-09T16:17:49.220499", "where": "spotify:albums", "level": "info", "message": "Fetched 6 albums", "data": null}
{"event_time": "2025-10-09T16:17:49.642438", "where": "spotify:tracks", "level": "info", "message": "Fetched 50 tracks", "data": null}
{"event_time": "2025-10-09T16:17:50.793441", "where": "spotify:albums", "level": "info", "message": "Fetched 20 albums", "data": null}
{"event_time": "2025-10-09T16:17:51.826112", "where": "spotify:albums", "level": "info", "message": "Fetched 20 albums", "data": null}
{"event_time": "2025-10-09T16:17:52.516609", "where": "spotify:albums", "level": "info", "message": "Fetched 9 albums", "data": null}
{"event_time": "2025-10-09T16:17:53.116824", "where": "spotify:tracks", "level": "info", "message": "Fetched 49 tracks", "data": null}
{"event_time": "2025-10-09T16:17:54.794233", "where": "spotify:albums", "level": "info", "message": "Fetched 20 albums", "data": null}
{"event_time": "2025-10-09T16:17:56.118189", "where": "spotify:albums", "level": "info", "message": "Fetched 20 albums", "data": null}
{"event_time": "2025-10-09T16:17:56.673412", "where": "spotify:albums", "level": "info", "message": "Fetched 9 albums", "data": null}
{"event_time": "2025-10-09T16:17:57.220810", "where": "spotify:tracks", "level": "info", "message": "Fetched 50 tracks", "data": null}
{"event_time": "2025-10-09T16:17:57.422838", "where": "spotify:tracks", "level": "info", "message": "Fetched 1 tracks", "data": null}
{"event_time": "2025-10-09T16:17:58.691927", "where": "spotify:albums", "level": "info", "message": "Fetched 20 albums", "data": null}
{"event_time": "2025-10-09T16:18:00.005470", "where": "spotify:albums", "level": "info", "message": "Fetched 20 albums", "data": null}
{"event_time": "2025-10-09T16:18:00.641291", "where": "spotify:albums", "level": "info", "message": "Fetched 7 albums", "data": null}
{"event_time": "2025-10-09T16:18:01.182373", "where": "spotify:tracks", "level": "info", "message": "Fetched 49 tracks", "data": null}
{"event_time": "2025-10-09T16:18:02.647315", "where": "spotify:albums", "level": "info", "message": "Fetched 20 albums", "data": null}
{"event_time": "2025-10-09T16:18:04.304746", "where": "spotify:albums", "level": "info", "message": "Fetched 20 albums", "data": null}
{"event_time": "2025-10-09T16:18:04.779340", "where": "spotify:albums", "level": "info", "message": "Fetched 7 albums", "data": null}
{"event_time": "2025-10-09T16:18:05.299516", "where": "spotify:tracks", "level": "info", "message": "Fetched 50 tracks", "data": null}
{"event_time": "2025-10-09T16:18:06.649707", "where": "spotify:albums", "level": "info", "message": "Fetched 20 albums", "data": null}
{"event_time": "2025-10-09T16:18:07.676349", "where": "spotify:albums", "level": "info", "message": "Fetched 20 albums", "data": null}
{"event_time": "2025-10-09T16:18:08.251590", "where": "spotify:albums", "level": "info", "message": "Fetched 9 albums", "data": null}
{"event_time": "2025-10-09T16:18:08.690511", "where": "spotify:tracks", "level": "info", "message": "Fetched 50 tracks", "data": null}
{"event_time": "2025-10-09T16:18:08.876918", "where": "spotify:tracks", "level": "info", "message": "Fetched 1 tracks", "data": null}
{"event_time": "2025-10-09T16:18:09.960148", "where": "spotify:albums", "level": "info", "message": "Fetched 20 albums", "data": null}
{"event_time": "2025-10-09T16:18:10.771920", "where": "spotify:albums", "level": "info", "message": "Fetched 20 albums", "data": null}
{"event_time": "2025-10-09T16:18:11.443071", "where": "spotify:albums", "level": "info", "message": "Fetched 10 albums", "data": null}
{"event_time": "2025-10-09T16:18:12.017325", "where": "spotify:tracks", "level": "info", "message": "Fetched 50 tracks", "data": null}
{"event_time": "2025-10-09T16:18:12.255864", "where": "spotify:tracks", "level": "info", "message": "Fetched 1 tracks", "data": null}
{"event_time": "2025-10-09T16:18:13.350550", "where": "spotify:albums", "level": "info", "message": "Fetched 20 albums", "data": null}
{"event_time": "2025-10-09T16:18:14.653134", "where": "spotify:albums", "level": "info", "message": "Fetched 20 albums", "data": null}
{"event_time": "2025-10-09T16:18:15.156314", "where": "spotify:albums", "level": "info", "message": "Fetched 8 albums", "data": null}
{"event_time": "2025-10-09T16:18:15.663949", "where": "spotify:tracks", "level": "info", "message": "Fetched 50 tracks", "data": null}
{"event_time": "2025-10-09T16:18:16.857056", "where": "spotify:albums", "level": "info", "message": "Fetched 20 albums", "data": null}
{"event_time": "2025-10-09T16:18:18.323330", "where": "spotify:albums", "level": "info", "message": "Fetched 20 albums", "data": null}
{"event_time": "2025-10-09T16:18:18.906627", "where": "spotify:albums", "level": "info", "message": "Fetched 9 albums", "data": null}
{"event_time": "2025-10-09T16:18:19.370063", "where": "spotify:tracks", "level": "info", "message": "Fetched 50 tracks", "data": null}
{"event_time": "2025-10-09T16:18:20.243053", "where": "spotify:albums", "level": "info", "message": "Fetched 20 albums", "data": null}
{"event_time": "2025-10-09T16:18:20.959925", "where": "spotify:albums", "level": "info", "message": "Fetched 20 albums", "data": null}
{"event_time": "2025-10-09T16:18:21.453067", "where": "spotify:albums", "level": "info", "message": "Fetched 10 albums", "data": null}
{"event_time": "2025-10-09T16:18:21.748112", "where": "spotify:tracks", "level": "info", "message": "Fetched 12 tracks", "data": null}
{"event_time": "2025-10-09T16:18:22.610981", "where": "spotify:albums", "level": "info", "message": "Fetched 12 albums", "data": null}
{"event_time": "2025-10-09T16:18:30.968097", "where": "enrichment", "level": "error", "message": "Exception in background_enrich: UK charts CSV not found. Put 'info_charts_weighted.csv' under datasets/reference/ or datasets/enrichment/metadata/ (or /mnt/data/).", "data": null}
